11:34:09 05/01/2026
INFO:Search failed: Unable to create requested service [org.hibernate.engine.jdbc.env.spi.JdbcEnvironment]
11:36:35 05/01/2026
INFO:Search failed: Unable to create requested service [org.hibernate.engine.jdbc.env.spi.JdbcEnvironment]
11:40:17 05/01/2026
INFO:Failed to import policy TMPTTV0000632100: null
11:41:39 05/01/2026
INFO:Failed to import policy TMPTTV0000632100: null
11:48:22 05/01/2026
INFO:generated payload {"data":{"branchCode":"TV","intermediaryCode":"AGT0076","subIntermediaryCode":null,"currencyCode":"GHS","isActive":true,"isFleet":false,"fleetSize":1,"fleetDiscount":0.0,"grossPremium":347.00,"notes":null,"startDate":"2021-08-05","expiryDate":"2022-08-04","transactionDate":"2021-08-05","paymentDate":"2021-08-05","paymentMode":null,"specialTerms":null,"umbrellaLimit":0,"companyAssignedPolicyNumber":"TMPTTV0000632100","customerData":{"isActive":true,"type":"CORPORATE","title":null,"firstName":"ASARE","otherNames":null,"lastName":"ASARE TIMOTHY OWUSU REV","gender":null,"dateOfBirth":"1978-10-22","nationality":"GH","ghanaCardNumber":"8541001651","email":null,"phoneNumber":"0243734577","digitalAddress":null,"residentialAddress":"H/NO BLC 3,","occupation":null,"levelOfEducation":null,"maritalStatus":null},"vehicles":[{"registrationNumber":"GW 5232-11","make":"HS3","model":"HYUNDAI SANTA  FE","manufacturingYear":2006,"registrationYear":2011,"chassisNumber":"KMHJUB1BDBU310112","vehicleColour":"BLACK","bodyType":"S/WAGON","fuelType":null,"vehicleUsage":"1","seatingCapacity":5,"grossWeight":null,"vehicleMileage":null,"vehicleValue":0.00,"cubicCapacity":2500,"partsAvailability":false,"verified":false,"productCode":"MTP","riskTypeCode":"PRIVATE_INDIVIDUAL_X1","type":"NEW_BUSINESS","sumInsured":0.00,"grossPremium":347.00,"excessBought":false,"extraTppdl":0,"fleetDiscount":0,"umbrellaLimit":0,"noClaimDiscount":0,"earnedNoClaimDiscount":0,"calculationType":"FULL_YEAR"}]}}
11:48:24 05/01/2026
INFO:Failed to import policy TMPTTV0000632100: {"message":"Invalid request data","meta":"\"productCode\" is required","httpStatusCode":400}
11:51:44 05/01/2026
INFO:generated payload {"data":{"branchCode":"TV","intermediaryCode":"AGT0076","subIntermediaryCode":null,"currencyCode":"GHS","isActive":true,"isFleet":false,"fleetSize":1,"fleetDiscount":0.0,"grossPremium":347.00,"notes":null,"startDate":"2021-08-05","expiryDate":"2022-08-04","transactionDate":"2021-08-05","paymentDate":"2021-08-05","paymentMode":null,"specialTerms":null,"umbrellaLimit":0,"companyAssignedPolicyNumber":"TMPTTV0000632100","customerData":{"isActive":true,"type":"CORPORATE","title":null,"firstName":"ASARE","otherNames":null,"lastName":"ASARE TIMOTHY OWUSU REV","gender":null,"dateOfBirth":"1978-10-22","nationality":"GH","ghanaCardNumber":"8541001651","email":null,"phoneNumber":"0243734577","digitalAddress":null,"residentialAddress":"H/NO BLC 3,","occupation":null,"levelOfEducation":null,"maritalStatus":null},"vehicles":[{"registrationNumber":"GW 5232-11","make":"HS3","model":"HYUNDAI SANTA  FE","manufacturingYear":2006,"registrationYear":2011,"chassisNumber":"KMHJUB1BDBU310112","vehicleColour":"BLACK","bodyType":"S/WAGON","fuelType":null,"vehicleUsage":"1","seatingCapacity":5,"grossWeight":null,"vehicleMileage":null,"vehicleValue":0.00,"cubicCapacity":2500,"partsAvailability":false,"verified":false,"productCode":"MTP","riskTypeCode":"PRIVATE_INDIVIDUAL_X1","type":"NEW_BUSINESS","sumInsured":0.00,"grossPremium":347.00,"excessBought":false,"extraTppdl":0,"fleetDiscount":0,"umbrellaLimit":0,"noClaimDiscount":0,"earnedNoClaimDiscount":0,"calculationType":"FULL_YEAR"}]}}
11:51:45 05/01/2026
INFO:Failed to import policy TMPTTV0000632100: {"message":"Endpoint not found","httpStatusCode":404}
11:53:54 05/01/2026
INFO:generated payload {"data":{"branchCode":"TV","intermediaryCode":"AGT0076","subIntermediaryCode":null,"currencyCode":"GHS","isActive":true,"isFleet":false,"fleetSize":1,"fleetDiscount":0.0,"grossPremium":347.00,"notes":null,"startDate":"2021-08-05","expiryDate":"2022-08-04","transactionDate":"2021-08-05","paymentDate":"2021-08-05","paymentMode":null,"specialTerms":null,"umbrellaLimit":0,"companyAssignedPolicyNumber":"TMPTTV0000632100","customerData":{"isActive":true,"type":"CORPORATE","title":null,"firstName":"ASARE","otherNames":null,"lastName":"ASARE TIMOTHY OWUSU REV","gender":null,"dateOfBirth":"1978-10-22","nationality":"GH","ghanaCardNumber":"8541001651","email":null,"phoneNumber":"0243734577","digitalAddress":null,"residentialAddress":"H/NO BLC 3,","occupation":null,"levelOfEducation":null,"maritalStatus":null},"vehicles":[{"registrationNumber":"GW 5232-11","make":"HS3","model":"HYUNDAI SANTA  FE","manufacturingYear":2006,"registrationYear":2011,"chassisNumber":"KMHJUB1BDBU310112","vehicleColour":"BLACK","bodyType":"S/WAGON","fuelType":null,"vehicleUsage":"1","seatingCapacity":5,"grossWeight":null,"vehicleMileage":null,"vehicleValue":0.00,"cubicCapacity":2500,"partsAvailability":false,"verified":false,"productCode":"MTP","riskTypeCode":"PRIVATE_INDIVIDUAL_X1","type":"NEW_BUSINESS","sumInsured":0.00,"grossPremium":347.00,"excessBought":false,"extraTppdl":0,"fleetDiscount":0,"umbrellaLimit":0,"noClaimDiscount":0,"earnedNoClaimDiscount":0,"calculationType":"FULL_YEAR"}]}}
11:53:56 05/01/2026
INFO:Failed to import policy TMPTTV0000632100: {"message":"Invalid request data","meta":"companyName is required for Legal/Corporate customers","httpStatusCode":400}
12:08:52 05/01/2026
INFO:generated payload {"data":{"branchCode":"TV","intermediaryCode":"AGT0076","subIntermediaryCode":null,"currencyCode":"GHS","isActive":true,"isFleet":false,"fleetSize":1,"fleetDiscount":0.0,"grossPremium":347.00,"notes":null,"startDate":"2021-08-05","expiryDate":"2022-08-04","transactionDate":"2021-08-05","paymentDate":"2021-08-05","paymentMode":null,"specialTerms":null,"umbrellaLimit":0,"companyAssignedPolicyNumber":"TMPTTV0000632100","customerData":{"isActive":true,"type":"CORPORATE","companyName":"ASARE TIMOTHY OWUSU REV","tinNumber":"8541001651","registeredAddress":"H/NO BLC 3,","businessSector":null,"companySize":5,"yearEstablished":1988,"contactPerson":"ASARE TIMOTHY OWUSU REV","contactPersonPhone":"0243734577","contactPersonEmail":null,"email":null,"phoneNumber":"0243734577","digitalAddress":null,"residentialAddress":"H/NO BLC 3,","occupation":null},"vehicles":[{"registrationNumber":"GW 5232-11","make":"HS3","model":"HYUNDAI SANTA  FE","manufacturingYear":2006,"registrationYear":2011,"chassisNumber":"KMHJUB1BDBU310112","vehicleColour":"BLACK","bodyType":"S/WAGON","fuelType":null,"vehicleUsage":"1","seatingCapacity":5,"grossWeight":null,"vehicleMileage":null,"vehicleValue":0.00,"cubicCapacity":2500,"partsAvailability":false,"verified":false,"productCode":"MTP","riskTypeCode":"PRIVATE_INDIVIDUAL_X1","type":"NEW_BUSINESS","sumInsured":0.00,"grossPremium":347.00,"excessBought":false,"extraTppdl":0,"fleetDiscount":0,"umbrellaLimit":0,"noClaimDiscount":0,"earnedNoClaimDiscount":0,"calculationType":"FULL_YEAR"}]}}
12:08:54 05/01/2026
INFO:Failed to import policy TMPTTV0000632100: {"message":"Intermediary with ID AGT0076 not found","httpStatusCode":404}
